// Jest Snapshot v1, https://goo.gl/fbAQLP

exports[`ShoppingCart renders correctly 1`] = `
<div
  className="shopping-cart-container"
  id="shoppingCart"
>
  <h2>
    Shopping Cart:
  </h2>
  <ul
    className="shopping-cart-list"
  >
    <li
      className="product"
      id="product1"
    >
      <h3>
        Almond Toe Court Shoes, Patent Black
         x 
        1
      </h3>
      <button
        className="remove-item"
        onClick={[Function]}
      >
        Remove
      </button>
    </li>
    <li
      className="product"
      id="product2"
    >
      <h3>
        Suede Shoes, Blue
         x 
        1
      </h3>
      <button
        className="remove-item"
        onClick={[Function]}
      >
        Remove
      </button>
    </li>
  </ul>
  <form
    id="voucher-form"
    onSubmit={[Function]}
  >
    <input
      name="voucher-code"
      placeholder="Voucher code"
      type="text"
    />
    <button
      type="submit"
    >
      Apply
    </button>
  </form>
  <h3
    id="total"
  >
    Total: 
    £23.00
  </h3>
</div>
`;
