// Jest Snapshot v1, https://goo.gl/fbAQLP

exports[`ProductItem renders correctly 1`] = `
<li
  id="product1"
>
  <h3>
    Almond Toe Court Shoes, Patent Black
  </h3>
  <h4>
    £99.00
  </h4>
  <p>
    Women's Footwear
  </p>
  <button
    className="product1-button"
    onClick={[Function]}
  >
    Add to cart
  </button>
</li>
`;
