// Jest Snapshot v1, https://goo.gl/fbAQLP

exports[`ProductList renders correctly 1`] = `
<ul
  className="products-list"
>
  <li
    className="product"
    id="product1"
  >
    <div
      className="product-details"
    >
      <h3>
        Almond Toe Court Shoes, Patent Black
      </h3>
      <h4>
        £99.00
      </h4>
      <p>
        5 available
      </p>
      <p>
        Category: 
        Women's Footwear
      </p>
    </div>
    <button
      className="product1-button item-button"
      disabled={false}
      onClick={[Function]}
    >
      Add to cart
    </button>
  </li>
  <li
    className="product"
    id="product2"
  >
    <div
      className="product-details"
    >
      <h3>
        Suede Shoes, Blue
      </h3>
      <h4>
        £42.00
      </h4>
      <p>
        4 available
      </p>
      <p>
        Category: 
        Women's Footwear
      </p>
    </div>
    <button
      className="product2-button item-button"
      disabled={false}
      onClick={[Function]}
    >
      Add to cart
    </button>
  </li>
</ul>
`;
